[36mvite v6.4.1 [32mbuilding for production...[36m[39m
transforming...
[32m✓[39m 2634 modules transformed.
